// Jest Snapshot v1, https://goo.gl/fbAQLP

exports[`should render app 1`] = `"<h1 data-reactroot=\\"\\">Hello, World</h1>"`;
